compiled BerryEsseen.ErrorBounds
compiled BerryEsseen.InfluenceCalculus
compiled BerryEsseen.Constants
compiled BerryEsseen.JitterOrder
compiled BerryEsseen.ManuscriptSmoothingKernel
compiled BerryEsseen.ContactAlgebra
compiled BerryEsseen.ManuscriptSmoothingSqueeze
compiled BerryEsseen.ManuscriptSmoothingMoments
compiled BerryEsseen.ManuscriptSmoothingMeasure
compiled BerryEsseen.OneSidedLoss
compiled BerryEsseen.Selection
compiled BerryEsseen.ManuscriptSmoothingConvolution
compiled BerryEsseen.ManuscriptSelection
compiled BerryEsseen.ManuscriptOneSidedLoss
compiled BerryEsseen.Statement
compiled BerryEsseen.SupportContact
compiled BerryEsseen.SupportGeometry
compiled BerryEsseen.Examples
compiled BerryEsseen.GaussianPrimitives
compiled BerryEsseen.ContaminationMoments
compiled BerryEsseen.PublishedWassersteinThreeCore
compiled BerryEsseen.ConvolutionContact
compiled BerryEsseen.ClassicalBounds
compiled BerryEsseen.TaylorBounds
compiled BerryEsseen.MomentCompactness
compiled BerryEsseen.ConvolutionDerivative
compiled BerryEsseen.CharacteristicTaylor
compiled BerryEsseen.GaussianBounds
compiled BerryEsseen.ManuscriptClusterScalarTaylor
compiled BerryEsseen.MomentPreservation
compiled BerryEsseen.GaussianScale
compiled BerryEsseen.PublishedNonuniform
compiled BerryEsseen.RawInfluence
compiled BerryEsseen.GaussianVariancePerturbation
compiled BerryEsseen.GaussianCancellation
compiled BerryEsseen.SharpComplexTaylor
compiled BerryEsseen.Standardization
compiled BerryEsseen.UniformJitter
compiled BerryEsseen.ManuscriptIndependentCopy
compiled BerryEsseen.VariationalExtremizer
compiled BerryEsseen.JitterCharacteristic
compiled BerryEsseen.ManuscriptGeneralCoupling
compiled BerryEsseen.ManuscriptWeightedJitter
compiled BerryEsseen.ExtremizerSupport
compiled BerryEsseen.PositiveBranch
compiled BerryEsseen.Resonances
compiled BerryEsseen.EffectiveGaussianBounds
compiled BerryEsseen.StandardizedJitter
compiled BerryEsseen.CharacteristicDerivatives
compiled BerryEsseen.EsseenLaw
compiled BerryEsseen.EffectiveSupport
compiled BerryEsseen.GaussianFourierMoments
compiled BerryEsseen.MeasureCharacteristicDerivativesCore
compiled BerryEsseen.ManuscriptGaussianCancellation
compiled BerryEsseen.EffectiveSelection
compiled BerryEsseen.ManuscriptDifferenceDerivativesCore
compiled BerryEsseen.PhaseConcentration
compiled BerryEsseen.PublishedEsseenMoment
compiled BerryEsseen.ManuscriptGeneralDifferenceCoupling
compiled BerryEsseen.PublishedSmoothing
compiled BerryEsseen.PublishedEsseenFixedLawAsymptotic
compiled BerryEsseen.ManuscriptGeneralCouplingLimits
compiled BerryEsseen.ManuscriptAngularInversion
compiled BerryEsseen.ManuscriptExtremalLimit
compiled BerryEsseen.ManuscriptGeneralCurvatureCoupling
compiled BerryEsseen.ManuscriptSmoothingTriangleBase
compiled BerryEsseen.SumMoments
compiled BerryEsseen.ManuscriptSmoothingDouble
compiled BerryEsseen.ManuscriptGeneralCompactCoupling
compiled BerryEsseen.ManuscriptSmoothingTriangle
compiled BerryEsseen.CenteredFourthMoments
compiled BerryEsseen.ManuscriptUniformConvolution
compiled BerryEsseen.MovingThreshold
compiled BerryEsseen.ManuscriptSmoothingUniforms
compiled BerryEsseen.BlockTailBounds
compiled BerryEsseen.Attainment
compiled BerryEsseen.MixtureBlocks
compiled BerryEsseen.ReciprocalFourthSum
compiled BerryEsseen.BoundedExtremizers
compiled BerryEsseen.WeightedCharacteristicLimits
compiled BerryEsseen.BlockLeakage
compiled BerryEsseen.BoundedMomentLimits
compiled BerryEsseen.CharacteristicCurvature
compiled BerryEsseen.CompactFourierConvergence
compiled BerryEsseen.ClusterCentralComparison
compiled BerryEsseen.CharacteristicDecay
compiled BerryEsseen.MovingPeaks
compiled BerryEsseen.BinomialMeasure
compiled BerryEsseen.LowFrequencyExpansion
compiled BerryEsseen.EffectivePeakCalculus
compiled BerryEsseen.ManuscriptClusterCentralComparison
compiled BerryEsseen.ManuscriptBinomialFourierCore
compiled BerryEsseen.ManuscriptResonanceGeometry
compiled BerryEsseen.GeneralCharacteristicDecay
compiled BerryEsseen.ManuscriptResonancePartition
compiled BerryEsseen.PublishedBernoulli
compiled BerryEsseen.ManuscriptSeparatedResonancePartition
compiled BerryEsseen.BinomialJitter
compiled BerryEsseen.PublishedWassersteinThree
compiled BerryEsseen.NormalizedFourier
compiled BerryEsseen.QuantitativeCharacteristicPeak
compiled BerryEsseen.GeneralThirdMomentTails
compiled BerryEsseen.LowFrequencyIntegral
compiled BerryEsseen.GeneralCharacteristicTaylor
compiled BerryEsseen.GaussianHermiteCDF
compiled BerryEsseen.GaussianOddIntegrals
compiled BerryEsseen.EffectiveLowFrequency
compiled BerryEsseen.EdgeworthDensityFourier
compiled BerryEsseen.GaussianPeakIntegral
compiled BerryEsseen.EffectiveLowFrequencyIntegral
compiled BerryEsseen.EffectiveDensity
compiled BerryEsseen.GeneralSignedThirdLimit
compiled BerryEsseen.ManuscriptSmoothingFourierKernel
compiled BerryEsseen.ManuscriptGeneralLog
compiled BerryEsseen.JitterLowFrequency
compiled BerryEsseen.RawCubicIntegralLimits
compiled BerryEsseen.ResonanceNeighborhoods
compiled BerryEsseen.ActualJitterSandwich
compiled BerryEsseen.ResonanceIntegrals
compiled BerryEsseen.SignedSecondLimit
compiled BerryEsseen.GeneralNormalizedFourier
compiled BerryEsseen.SmoothingApplicationMoments
compiled BerryEsseen.SpectralGap
compiled BerryEsseen.UniformBlockLeakage
compiled BerryEsseen.SpectralIntegrals
compiled BerryEsseen.ClusterMoments
compiled BerryEsseen.ManuscriptLeakageBudget
compiled BerryEsseen.CompactRawFourier
compiled BerryEsseen.ClusterStandardization
compiled BerryEsseen.ExactMomentInterpolation
compiled BerryEsseen.EdgeworthTails
compiled BerryEsseen.AppliedClusterBounds
compiled BerryEsseen.NormalizationPerturbation
compiled BerryEsseen.EffectiveGaussianTail
compiled BerryEsseen.PublishedNonIID
compiled BerryEsseen.ClusterNormalization
compiled BerryEsseen.AnnularIntegral
compiled BerryEsseen.ClusterCharacteristic
compiled BerryEsseen.EffectiveClusterTail
compiled BerryEsseen.NormalizedIID
compiled BerryEsseen.ManuscriptClusterDifference
compiled BerryEsseen.ClusterSquare
compiled BerryEsseen.NearLatticeFrequency
compiled BerryEsseen.ManuscriptClusterConditionalTaylor
compiled BerryEsseen.RawFourierError
compiled BerryEsseen.EffectiveNearLattice
compiled BerryEsseen.ManuscriptClusterSquare
compiled BerryEsseen.ZeroNoiseBernoulli
compiled BerryEsseen.GeneralLowFrequencyIntegral
compiled BerryEsseen.CompactJitterFourier
compiled BerryEsseen.BernoulliLimits
compiled BerryEsseen.JitterFourierIntegrability
compiled BerryEsseen.BinomialJitterEndpoints
compiled BerryEsseen.BoundedJitterExpansion
compiled BerryEsseen.EdgeworthEnvelopes
compiled BerryEsseen.GeneralJitterAssembly
compiled BerryEsseen.EsseenEnvelopes
compiled BerryEsseen.BoundedJitterEnvelopes
compiled BerryEsseen.GeneralJitterWidth
compiled BerryEsseen.RawJitterCDFBridge
compiled BerryEsseen.LimitEnvelopes
compiled BerryEsseen.LimitIdentification
compiled BerryEsseen.GeneralJitterEnvelopes
compiled BerryEsseen.ExtremizerLimit
compiled BerryEsseen.GeneralJitterExpansion
compiled BerryEsseen.ExtremizerWassersteinThree
compiled BerryEsseen.SupportLimit
compiled BerryEsseen.GeneralWassersteinEnvelopes
compiled BerryEsseen.ManuscriptContactEstimates
compiled BerryEsseen.ContactSaturation
compiled BerryEsseen.ShiftedJitterExpansion
compiled BerryEsseen.SupportSeparation
compiled BerryEsseen.GeneralSupportLimits
compiled BerryEsseen.BinomialExpansion
compiled BerryEsseen.ClusterConfinement
compiled BerryEsseen.SelectedExtremizers
compiled BerryEsseen.CentralGaussianDerivative
compiled BerryEsseen.MainReduction
compiled BerryEsseen.NoiseLocalMass
compiled BerryEsseen.GaussianClusterComparison
compiled BerryEsseen.IntegerWindow
compiled BerryEsseen.ClusterCoefficientLimits
compiled BerryEsseen.CentralClusterBudget
compiled BerryEsseen.LocalMassAssembly
compiled BerryEsseen.EffectiveClusterPeaks
compiled BerryEsseen.ManuscriptGaussianClusterComparison
compiled BerryEsseen.SmallVarianceSequence
compiled BerryEsseen.EffectiveClusterGap
compiled BerryEsseen.AffineRigidity
compiled BerryEsseen.EffectiveClusterParameters
compiled BerryEsseen.CentralRounding
compiled BerryEsseen.IntervalConditioning
compiled BerryEsseen.EffectivePeakIntegral
compiled BerryEsseen.ClusterRepresentation
compiled BerryEsseen.ManuscriptCentralClusterBudget
compiled BerryEsseen.EffectiveClusterFrequency
compiled BerryEsseen.SelectedClusters
compiled BerryEsseen.ManuscriptSmallVarianceSequence
compiled BerryEsseen.EffectiveJitterLowFrequency
compiled BerryEsseen.WindowGeometry
compiled BerryEsseen.ManuscriptCentralInteger
compiled BerryEsseen.AffineFourier
compiled BerryEsseen.GlobalJitterLowFrequency
compiled BerryEsseen.EffectiveSmoothingBudget
compiled BerryEsseen.ClusterSmoothing
compiled BerryEsseen.TwoClusterLocalMass
compiled BerryEsseen.EffectiveClusterJitter
compiled BerryEsseen.RepresentedSelected
compiled BerryEsseen.RepresentedVariance
compiled BerryEsseen.EffectiveBinomial
compiled BerryEsseen.GeneralBinomialMass
compiled BerryEsseen.MainTheorem
compiled BerryEsseen.GeneralBinomialEnvelopeTails
compiled BerryEsseen.GeneralBernoulliLimits
compiled BerryEsseen.EffectiveCentralDerivative
compiled BerryEsseen.ManuscriptBinomialFourier
compiled BerryEsseen.GeneralBinomialAsymptotics
compiled BerryEsseen.GeneralBinomialConsequences
compiled BerryEsseen.EffectiveSmallVariance
compiled BerryEsseen.ManuscriptFarComparison
compiled BerryEsseen.ManuscriptBinomialEffective
compiled BerryEsseen.EffectiveLocalMass
compiled BerryEsseen.EffectiveClusterBudget
compiled BerryEsseen.ManuscriptOutsideGaussian
compiled BerryEsseen.ManuscriptEffectiveSmallVarianceNormalization
compiled BerryEsseen.GlobalParameters
compiled BerryEsseen.EffectiveJitterGap
compiled BerryEsseen.EffectiveClusterEnvelope
compiled BerryEsseen.ManuscriptEffectiveClusterBudget
compiled BerryEsseen.GeneralJitterGap
compiled BerryEsseen.EffectiveClusters
compiled BerryEsseen.ManuscriptEffectiveClusterEnvelope
compiled BerryEsseen.ManuscriptUniformCentralDerivative
compiled BerryEsseen.ReflectionBounds
compiled BerryEsseen.ManuscriptUniformClusterBudgets
compiled BerryEsseen.RawNormalization
compiled BerryEsseen.ManuscriptGeneralLocalMass
compiled BerryEsseen.EffectiveIntervals
compiled BerryEsseen.ManuscriptUniformFarBudget
compiled BerryEsseen.GeneralTwoClusterLocalMass
compiled BerryEsseen.EffectiveConfinementMass
compiled BerryEsseen.ExplicitReduction
compiled BerryEsseen.PublishedWasserstein
compiled BerryEsseen.SmallVarianceNeighborhood
compiled BerryEsseen.ManuscriptBinomialLimit
compiled BerryEsseen.LatticeDeficit
compiled BerryEsseen.ManuscriptSmallVarianceSetup
compiled BerryEsseen.ManuscriptLatticeSizeBias
compiled BerryEsseen.ManuscriptUniformBernoulliLower
compiled BerryEsseen.ManuscriptLatticeGeometry
compiled BerryEsseen.ManuscriptLatticeOutside
compiled BerryEsseen.ManuscriptUniformCentralAbsorption
compiled BerryEsseen.ManuscriptLatticeAtoms
compiled BerryEsseen.ManuscriptSmallVarianceOriginalParameters
compiled BerryEsseen.LatticeConditioning
compiled BerryEsseen.TwoPointNormalization
compiled BerryEsseen.LatticeCentered
compiled BerryEsseen.LatticeParameter
compiled BerryEsseen.WassersteinBounds
compiled BerryEsseen.ManuscriptLatticeCouplings
compiled BerryEsseen.BernoulliWasserstein
compiled BerryEsseen.ManuscriptConfinementMass
compiled BerryEsseen.ManuscriptLatticeReflection
compiled BerryEsseen.WassersteinMoments
compiled BerryEsseen.ManuscriptLatticeBernoulliCoupling
compiled BerryEsseen.AffineLatticeSpan
compiled BerryEsseen.ComplexWasserstein
compiled BerryEsseen.EffectiveLatticeStability
compiled BerryEsseen.ManuscriptCenteredTransport
compiled BerryEsseen.RawAffineWeak
compiled BerryEsseen.LatticeRounding
compiled BerryEsseen.GeneralClusterLimits
compiled BerryEsseen.BoundedMomentPerturbation
compiled BerryEsseen.BoundedRawStandardization
compiled BerryEsseen.GeneralClusterJitter
compiled BerryEsseen.FiniteLatticeRounding
compiled BerryEsseen.FiniteRetention
compiled BerryEsseen.GeneralAccumulatedVariance
compiled BerryEsseen.CharacteristicConditioning
compiled BerryEsseen.EffectiveFiniteApproximation
compiled BerryEsseen.ManuscriptFarSequence
compiled BerryEsseen.GeneralAccumulatedVarianceCorollary
compiled BerryEsseen.AtomicSpectralGap
compiled BerryEsseen.EffectiveRoundedMoments
compiled BerryEsseen.GeneralSignedSmoothing
compiled BerryEsseen.GlobalSpectralBudget
compiled BerryEsseen.ManuscriptClusters
compiled BerryEsseen.GlobalDerivativeBudget
compiled BerryEsseen.ManuscriptSmallVarianceCompactness
compiled BerryEsseen.ManuscriptMain
compiled BerryEsseen.ManuscriptSmallVariance
compiled BerryEsseen.GlobalSampleBudget
compiled BerryEsseen.ManuscriptSmoothingInversion
compiled BerryEsseen.MeasureCharacteristicDerivatives
compiled BerryEsseen.RawMaximalSpan
compiled BerryEsseen.ManuscriptDirectConvolution
compiled BerryEsseen.ManuscriptGlobalDifferenceDerivatives
compiled BerryEsseen.EffectiveFiniteLatticeMoments
compiled BerryEsseen.FiniteBezout
compiled BerryEsseen.ManuscriptGlobalDifferenceTransport
compiled BerryEsseen.FiniteLatticeLabels
compiled BerryEsseen.ManuscriptCayleyBezout
compiled BerryEsseen.ManuscriptSmoothingCDFBounds
compiled BerryEsseen.ManuscriptSmoothingDistribution
compiled BerryEsseen.ManuscriptCayleyBezoutBound
compiled BerryEsseen.PhaseBezout
compiled BerryEsseen.ManuscriptSmoothingConvolutionBound
compiled BerryEsseen.ManuscriptGlobalPhase
compiled BerryEsseen.ManuscriptSignedSmoothing
compiled BerryEsseen.RawWassersteinThreeMoments
compiled BerryEsseen.ManuscriptSmoothingInstance
compiled BerryEsseen.RawWassersteinThreeStandardization
compiled BerryEsseen.FiniteSpectralGap
compiled BerryEsseen.ManuscriptBinomialTheorem
compiled BerryEsseen.ManuscriptSharpness
compiled BerryEsseen.EffectiveGlobalSpectralGap
compiled BerryEsseen.ManuscriptBinomialLemma
compiled BerryEsseen.ManuscriptEffectiveCentralDerivative
compiled BerryEsseen.ManuscriptEffectiveSmallVarianceMoments
compiled BerryEsseen.RawJitterWidth
compiled BerryEsseen.ManuscriptLocalMass
compiled BerryEsseen.WeightedCharacteristicTransport
compiled BerryEsseen.ManuscriptEffectiveSmallVarianceCentral
compiled BerryEsseen.ManuscriptEffectiveJitterGap
compiled BerryEsseen.ManuscriptEffectiveSmallVariance
compiled BerryEsseen.BoundedCharacteristicPerturbation
compiled BerryEsseen.ManuscriptEffectiveClusters
compiled BerryEsseen.EffectiveGlobalDerivatives
compiled BerryEsseen.EffectiveGlobalPeaks
compiled BerryEsseen.GlobalPeakIntegral
compiled BerryEsseen.GlobalResonanceLabels
compiled BerryEsseen.GlobalFrequencyIntegral
compiled BerryEsseen.GlobalFourierAssembly
compiled BerryEsseen.GlobalSmoothingBudget
compiled BerryEsseen.EffectiveGlobalJitter
compiled BerryEsseen.EffectiveMaximizerEnvelope
compiled BerryEsseen.LatticeDeficitTransfer
compiled BerryEsseen.EffectiveContactGaussian
compiled BerryEsseen.LatticeIdentificationTransfer
compiled BerryEsseen.IdentificationMoments
compiled BerryEsseen.IdentificationSign
compiled BerryEsseen.EffectiveIdentification
compiled BerryEsseen.EffectiveContactBudget
compiled BerryEsseen.EffectiveContactSaturation
compiled BerryEsseen.ManuscriptEffectiveContact
compiled BerryEsseen.EffectiveCoarseSupport
compiled BerryEsseen.EffectiveContactFlatness
compiled BerryEsseen.EffectiveContactIncrement
compiled BerryEsseen.ManuscriptContactSaturation
compiled BerryEsseen.EffectiveSupportGeometry
compiled BerryEsseen.EffectiveSupportAnchors
compiled BerryEsseen.ManuscriptContactIncrement
compiled BerryEsseen.ManuscriptContactFlatness
compiled BerryEsseen.EffectiveConfinement
compiled BerryEsseen.ManuscriptSupportAnchors
compiled BerryEsseen.ExplicitTheorem
compiled BerryEsseen.ManuscriptConfinement
compiled BerryEsseen.ManuscriptExplicitReduction
compiled BerryEsseen.ManuscriptEffectiveIntervals
compiled BerryEsseen.ManuscriptExplicitTheorem
compiled BerryEsseen.StrictResults
Compilation gate: PASS; 361/361 modules
